<html>
<body>
<pre>
<h1>礦ision Build Log</h1>
<h2>Tool Versions:</h2>
IDE-Version: μVision V5.36.0.0
Copyright (C) 2021 ARM Ltd and ARM Germany GmbH. All rights reserved.
License Information: c Monroe, shu, LIC=----
 
Tool Versions:
Toolchain:       MDK-Lite  Version: 5.36.0.0
Toolchain Path:  C:\Keil_v5\ARM\ARMCC\Bin
C Compiler:      Armcc.exe V5.06 update 7 (build 960)
Assembler:       Armasm.exe V5.06 update 7 (build 960)
Linker/Locator:  ArmLink.exe V5.06 update 7 (build 960)
Library Manager: ArmAr.exe V5.06 update 7 (build 960)
Hex Converter:   FromElf.exe V5.06 update 7 (build 960)
CPU DLL:         SARMCM3.DLL V5.36.0.0
Dialog DLL:      DCM.DLL V1.17.3.0
Target DLL:      STLink\ST-LINKIII-KEIL_SWO.dll V3.0.9.0
Dialog DLL:      TCM.DLL V1.53.0.0
 
<h2>Project:</h2>
C:\Users\Monroe\Desktop\机器人校赛\WHEEL 4路循迹\WHEEL完美循迹版本1.0\WHEEL\MDK-ARM\WHEEL.uvprojx
Project File Date:  01/21/2026

<h2>Output:</h2>
*** Using Compiler 'V5.06 update 7 (build 960)', folder: 'C:\Keil_v5\ARM\ARMCC\Bin'
Rebuild target 'WHEEL'
assembling startup_stm32f103xb.s...
compiling stm32f1xx_hal_rcc_ex.c...
compiling stm32f1xx_hal_gpio.c...
compiling stm32f1xx_hal_gpio_ex.c...
compiling stm32f1xx_hal_dma.c...
compiling tim.c...
compiling main.c...
../Hardware/Sensors/sensors.h(10): warning:  #1-D: last line of file ends without a newline
  #endif
../Control/PID.h(36): warning:  #1-D: last line of file ends without a newline
  #endif
../Core/Src/main.c(120): warning:  #223-D: function "Motor_SetSpeed" declared implicitly
          Motor_SetSpeed(0, 0); // 彻底刹停电机
../Core/Src/main.c(141): warning:  #223-D: function "Motor_SetSpeed" declared implicitly
      Motor_SetSpeed(speed_L, speed_R); 
../Core/Src/main.c(182): warning:  #223-D: function "Motor_Init" declared implicitly
    Motor_Init();
../Core/Src/main.c: 5 warnings, 0 errors
compiling stm32f1xx_hal.c...
compiling stm32f1xx_hal_msp.c...
compiling gpio.c...
compiling stm32f1xx_it.c...
compiling adc.c...
compiling stm32f1xx_hal_adc_ex.c...
compiling stm32f1xx_hal_adc.c...
compiling stm32f1xx_hal_rcc.c...
compiling stm32f1xx_hal_cortex.c...
compiling OLED_Data.c...
compiling stm32f1xx_hal_pwr.c...
compiling stm32f1xx_hal_flash.c...
compiling stm32f1xx_hal_exti.c...
compiling stm32f1xx_hal_flash_ex.c...
compiling system_stm32f1xx.c...
compiling motor.c...
..\Hardware\Motor\motor.c(62): warning:  #1-D: last line of file ends without a newline
  }
..\Hardware\Motor\motor.c: 1 warning, 0 errors
compiling PID.c...
..\Control\PID.h(36): warning:  #1-D: last line of file ends without a newline
  #endif
..\Control\PID.c(52): warning:  #1-D: last line of file ends without a newline
  }
..\Control\PID.c: 2 warnings, 0 errors
compiling sensors.c...
..\Hardware\Sensors\sensors.h(10): warning:  #1-D: last line of file ends without a newline
  #endif
..\Hardware\Sensors\sensors.c(16): warning:  #1-D: last line of file ends without a newline
  }
..\Hardware\Sensors\sensors.c: 2 warnings, 0 errors
compiling stm32f1xx_hal_tim_ex.c...
compiling OLED.c...
compiling stm32f1xx_hal_tim.c...
linking...
Program Size: Code=9642 RO-data=2430 RW-data=20 ZI-data=2924  
FromELF: creating hex file...
"WHEEL\WHEEL.axf" - 0 Error(s), 10 Warning(s).

<h2>Software Packages used:</h2>

Package Vendor: Keil
                http://www.keil.com/pack/Keil.STM32F1xx_DFP.2.3.0.pack
                Keil.STM32F1xx_DFP.2.3.0
                STMicroelectronics STM32F1 Series Device Support, Drivers and Examples

<h2>Collection of Component include folders:</h2>
  C:\Users\Monroe\AppData\Local\Arm\Packs\Keil\STM32F1xx_DFP\2.3.0\Device\Include

<h2>Collection of Component Files used:</h2>
Build Time Elapsed:  00:00:03
</pre>
</body>
</html>
